#-----------------------------------------------------------
# Vivado v2024.1 (64-bit)
# SW Build 5076996 on Wed May 22 18:36:09 MDT 2024
# IP Build 5075265 on Wed May 22 21:45:21 MDT 2024
# SharedData Build 5076995 on Wed May 22 18:29:18 MDT 2024
# Start of session at: Wed Sep 24 10:29:07 2025
# Process ID: 927640
# Current directory: /home/intern-2501/internship
# Command line: vivado
# Log file: /home/intern-2501/internship/vivado.log
# Journal file: /home/intern-2501/internship/vivado.jou
# Running On        :broccoli
# Platform          :RedHatEnterprise
# Operating System  :Red Hat Enterprise Linux release 8.10 (Ootpa)
# Processor Detail  :Intel(R) Xeon(R) Gold 6242R CPU @ 3.10GHz
# CPU Frequency     :3800.744 MHz
# CPU Physical cores:40
# CPU Logical cores :80
# Host memory       :539818 MB
# Swap memory       :4294 MB
# Total Virtual     :544113 MB
# Available Virtual :506209 MB
#-----------------------------------------------------------
start_gui
open_project /home/intern-2501/Mamba_SSM_Block_ver7/Mamba_SSM_Block_ver7.xpr
launch_simulation
open_wave_config /home/intern-2501/Mamba_SSM_Block_ver7/tb_softplus_or_exp16_pure_behav.wcfg
source tb_ssmblock_fullscan.tcl
relaunch_sim
relaunch_sim
relaunch_sim
relaunch_sim
save_wave_config {/home/intern-2501/Mamba_SSM_Block_ver7/tb_softplus_or_exp16_pure_behav.wcfg}
relaunch_sim
relaunch_sim
save_wave_config {/home/intern-2501/Mamba_SSM_Block_ver7/tb_softplus_or_exp16_pure_behav.wcfg}
relaunch_sim
relaunch_sim
relaunch_sim
relaunch_sim
relaunch_sim
save_wave_config {/home/intern-2501/Mamba_SSM_Block_ver7/tb_softplus_or_exp16_pure_behav.wcfg}
relaunch_sim
relaunch_sim
reset_run synth_1
launch_runs synth_1 -jobs 79
wait_on_run synth_1
close_sim
close [ open /home/intern-2501/internship/Mamba/Mamba-2/mamba2-minimal/verilog/ver7_full_SSM/hp_major_monitor.v w ]
add_files /home/intern-2501/internship/Mamba/Mamba-2/mamba2-minimal/verilog/ver7_full_SSM/hp_major_monitor.v
launch_simulation
open_wave_config /home/intern-2501/Mamba_SSM_Block_ver7/tb_softplus_or_exp16_pure_behav.wcfg
source tb_ssmblock_fullscan.tcl
run all
relaunch_sim
run all
close_sim
vlog +define+ORDER_P_MAJOR tb_ssmblock_fullscan.v hp_major_monitor.v
xvlog -d ORDER_P_MAJOR tb_ssmblock_fullscan.v hp_major_monitor.v
launch_simulation
open_wave_config /home/intern-2501/Mamba_SSM_Block_ver7/tb_softplus_or_exp16_pure_behav.wcfg
source tb_ssmblock_fullscan.tcl
run all
close_sim
